(base)
peter@PLXPS13 MINGW64 ~
$ conda activate dev
(dev)
peter@PLXPS13 MINGW64 ~
$ cd FinTech_Workspace/
(dev)
peter@PLXPS13 MINGW64 ~/FinTech_Workspace
$ git clone https://github.com/plefebvre1/module_19_challenge.git
Cloning into 'module_19_challenge'...
remote: Enumerating objects: 5, done.
remote: Counting objects: 100% (5/5), done.
remote: Compressing objects: 100% (5/5), done.
remote: Total 5 (delta 0), reused 0 (delta 0), pack-reused 0
Receiving objects: 100% (5/5), done.
(dev)
peter@PLXPS13 MINGW64 ~/FinTech_Workspace
$ cd module_19_challenge/
(dev)
peter@PLXPS13 MINGW64 ~/FinTech_Workspace/module_19_challenge (main)
$ git status
On branch main
Your branch is up to date with 'origin/main'.

nothing to commit, working tree clean
(dev)
peter@PLXPS13 MINGW64 ~/FinTech_Workspace/module_19_challenge (main)
$ git status
On branch main
Your branch is up to date with 'origin/main'.

Untracked files:
  (use "git add <file>..." to include in what will be committed)
        Images/
        SAMPLE.env
        crypto_wallet.py
        fintech_finder.py

nothing added to commit but untracked files present (use "git add" to track)
(dev)
peter@PLXPS13 MINGW64 ~/FinTech_Workspace/module_19_challenge (main)
$ git add Images/
(dev)
peter@PLXPS13 MINGW64 ~/FinTech_Workspace/module_19_challenge (main)
$ git add SAMPLE.env
(dev)
peter@PLXPS13 MINGW64 ~/FinTech_Workspace/module_19_challenge (main)
$ git add crypto_wallet.py
(dev)
peter@PLXPS13 MINGW64 ~/FinTech_Workspace/module_19_challenge (main)
$ git add fintech_finder.py
(dev)
peter@PLXPS13 MINGW64 ~/FinTech_Workspace/module_19_challenge (main)
$ git status
On branch main
Your branch is up to date with 'origin/main'.

Changes to be committed:
  (use "git restore --staged <file>..." to unstage)
        new file:   Images/ash.jpeg
        new file:   Images/jo.jpeg
        new file:   Images/kendall.jpeg
        new file:   Images/lane.jpeg
        new file:   SAMPLE.env
        new file:   crypto_wallet.py
        new file:   fintech_finder.py

(dev)
peter@PLXPS13 MINGW64 ~/FinTech_Workspace/module_19_challenge (main)
$ git commit -m 'Initial starter code'
[main 375e918] Initial starter code
 7 files changed, 394 insertions(+)
 create mode 100644 Images/ash.jpeg
 create mode 100644 Images/jo.jpeg
 create mode 100644 Images/kendall.jpeg
 create mode 100644 Images/lane.jpeg
 create mode 100644 SAMPLE.env
 create mode 100644 crypto_wallet.py
 create mode 100644 fintech_finder.py
(dev)
peter@PLXPS13 MINGW64 ~/FinTech_Workspace/module_19_challenge (main)
$ git push
Enumerating objects: 11, done.
Counting objects: 100% (11/11), done.
Delta compression using up to 8 threads
Compressing objects: 100% (9/9), done.
Writing objects: 100% (10/10), 44.58 KiB | 22.29 MiB/s, done.
Total 10 (delta 0), reused 0 (delta 0), pack-reused 0
To https://github.com/plefebvre1/module_19_challenge.git
   124dac2..375e918  main -> main
(dev)
peter@PLXPS13 MINGW64 ~/FinTech_Workspace/module_19_challenge (main)
$ git status
On branch main
Your branch is up to date with 'origin/main'.

Changes not staged for commit:
  (use "git add/rm <file>..." to update what will be committed)
  (use "git restore <file>..." to discard changes in working directory)
        deleted:    SAMPLE.env
        modified:   fintech_finder.py

Untracked files:
  (use "git add <file>..." to include in what will be committed)
        Images/ganache_ss.png
        Images/ganache_transactions.png

no changes added to commit (use "git add" and/or "git commit -a")
(dev)
peter@PLXPS13 MINGW64 ~/FinTech_Workspace/module_19_challenge (main)
$ git add fintech_finder.py
(dev)
peter@PLXPS13 MINGW64 ~/FinTech_Workspace/module_19_challenge (main)
$ git add Images/
(dev)
peter@PLXPS13 MINGW64 ~/FinTech_Workspace/module_19_challenge (main)
$ git rm SAMPLE.env
rm 'SAMPLE.env'
(dev)
peter@PLXPS13 MINGW64 ~/FinTech_Workspace/module_19_challenge (main)
$ git status
On branch main
Your branch is up to date with 'origin/main'.

Changes to be committed:
  (use "git restore --staged <file>..." to unstage)
        new file:   Images/ganache_ss.png
        new file:   Images/ganache_transactions.png
        deleted:    SAMPLE.env
        modified:   fintech_finder.py

(dev)
peter@PLXPS13 MINGW64 ~/FinTech_Workspace/module_19_challenge (main)
$ git commit -m 'Updated code to send transactions'
[main 6bb5f1a] Updated code to send transactions
 4 files changed, 7 insertions(+), 8 deletions(-)
 create mode 100644 Images/ganache_ss.png
 create mode 100644 Images/ganache_transactions.png
 delete mode 100644 SAMPLE.env
(dev)
peter@PLXPS13 MINGW64 ~/FinTech_Workspace/module_19_challenge (main)
$ git push
Enumerating objects: 9, done.
Counting objects: 100% (9/9), done.
Delta compression using up to 8 threads
Compressing objects: 100% (6/6), done.
Writing objects: 100% (6/6), 181.54 KiB | 18.15 MiB/s, done.
Total 6 (delta 2), reused 0 (delta 0), pack-reused 0
remote: Resolving deltas: 100% (2/2), completed with 2 local objects.
To https://github.com/plefebvre1/module_19_challenge.git
   375e918..6bb5f1a  main -> main
(dev)
peter@PLXPS13 MINGW64 ~/FinTech_Workspace/module_19_challenge (main)
$ touch terminal_history.txt
(dev)
peter@PLXPS13 MINGW64 ~/FinTech_Workspace/module_19_challenge (main)
$